{
  "0 debug pnpm:scope": {
    "selected": 1,
    "workspacePrefix": "D:\\test\\Sankranthi_Website"
  },
  "1 error pnpm": {
    "errno": 1,
    "code": "ELIFECYCLE",
    "pkgid": "sankranthi-foundation-website@1.0.0",
    "stage": "build",
    "script": "next build",
    "pkgname": "sankranthi-foundation-website",
    "err": {
      "name": "Error",
      "message": "sankranthi-foundation-website@1.0.0 build: `next build`\nExit status 1",
      "code": "ELIFECYCLE",
      "stack": "Error: sankranthi-foundation-website@1.0.0 build: `next build`\nExit status 1\n    at EventEmitter.<anonymous> (C:\\Users\\lakshithap\\.node\\corepack\\pnpm\\6.11.0\\dist\\pnpm.cjs:104774:20)\n    at EventEmitter.emit (node:events:390:28)\n    at ChildProcess.<anonymous> (C:\\Users\\lakshithap\\.node\\corepack\\pnpm\\6.11.0\\dist\\pnpm.cjs:93080:18)\n    at ChildProcess.emit (node:events:390:28)\n    at maybeClose (node:internal/child_process:1064:16)\n    at Process.ChildProcess._handle.onexit (node:internal/child_process:301:5)"
    }
  }
}